<rss xmlns:yandex="http://news.yandex.ru" xmlns:media="http://search.yahoo.com/mrss/" xmlns:turbo="http://turbo.yandex.ru" version="2.0"><channel><title><![CDATA[title]]></title><link>http://example.com/rss.xml</link><description><![CDATA[description]]></description><language>ru</language><item turbo="true"><link>https://example.com/soups/with-potatoes/</link><pubDate>Sat, 26 May 2018 21:00:00 GMT</pubDate><author>LightAir</author><turbo:content><![CDATA[<header><figure><img src="https://example.com/example.png" /></figure><h1>Суп с картофелем</h1><div data-block="breadcrumblist"><a href="https://example.com/">Главная</a><a href="https://example.com/soups/">Супы</a><a href="https://example.com/soups/with-potatoes/">Суп с картофелем</a></div></header><p>Для приготовления супа с картофелем, возьмите</p>]]></turbo:content></item></channel></rss>
