<rss xmlns:yandex="http://news.yandex.ru" xmlns:media="http://search.yahoo.com/mrss/" xmlns:turbo="http://turbo.yandex.ru" version="2.0"><channel><title/><link></link><description/><language>ru</language><item turbo="true"><link></link><turbo:content><![CDATA[<header><h1></h1></header>undefined]]></turbo:content></item><item turbo="true"><link></link><turbo:content><![CDATA[<header><h1></h1></header>undefined]]></turbo:content></item></channel></rss>
