<rss xmlns:yandex="http://news.yandex.ru" xmlns:media="http://search.yahoo.com/mrss/" xmlns:turbo="http://turbo.yandex.ru" version="2.0"><channel><title><![CDATA[title]]></title><link>http://example.com/rss.xml</link><description><![CDATA[description]]></description><language>ru</language><item turbo="true"><link>http://example.com/article4?this&amp;that</link><pubDate>Sat, 26 May 2018 21:00:00 GMT</pubDate><author>LightAir</author><turbo:content><![CDATA[<header><figure><img src="http://example.com/example.png" /></figure><h1>item title</h1></header><p>hello</p>]]></turbo:content><yandex:related><link url="http://example.com/related/post1" img="http://example.com/i/img1.jpg">related link text 1</link><link url="http://example.com/related/post2" img="http://example.com/i/img2.jpg">related link text 2</link></yandex:related></item></channel></rss>
